// Jest Snapshot v1, https://goo.gl/fbAQLP

exports[`React compnent test 1`] = `
<main>
  <header
    className="app-header"
  >
    <strong>
      SIZEES
    </strong>
  </header>
  <section
    className="main-banner"
  >
    <h1>
      Welcome dev ðŸ§ª
    </h1>
  </section>
</main>
`;
